Running ATR exit variant 1/62: atr_1.5x_target_60d
Running ATR exit variant 2/62: atr_1.5x_atrtrail_target_60d
Running ATR exit variant 3/62: atr_1.5x_no_target_60d
Running ATR exit variant 4/62: atr_1.5x_atrtrail_no_target_60d
Running ATR exit variant 5/62: atr_2x_target_60d
Running ATR exit variant 6/62: atr_2x_atrtrail_target_60d
Running ATR exit variant 7/62: atr_2x_no_target_60d
Running ATR exit variant 8/62: atr_2x_atrtrail_no_target_60d
Running ATR exit variant 9/62: atr_2.5x_target_60d
Running ATR exit variant 10/62: atr_2.5x_atrtrail_target_60d
Running ATR exit variant 11/62: atr_2.5x_no_target_60d
Running ATR exit variant 12/62: atr_2.5x_atrtrail_no_target_60d
Running ATR exit variant 13/62: atr_3x_target_60d
Running ATR exit variant 14/62: atr_3x_atrtrail_target_60d
Running ATR exit variant 15/62: atr_3x_no_target_60d
Running ATR exit variant 16/62: atr_3x_atrtrail_no_target_60d
Running ATR exit variant 17/62: atr_3.5x_target_60d
Running ATR exit variant 18/62: atr_3.5x_atrtrail_target_60d
Running ATR exit variant 19/62: atr_3.5x_no_target_60d
Running ATR exit variant 20/62: atr_3.5x_atrtrail_no_target_60d
Running ATR exit variant 21/62: tighter_1.5x_target_60d
Running ATR exit variant 22/62: tighter_1.5x_atrtrail_target_60d
Running ATR exit variant 23/62: tighter_1.5x_no_target_60d
Running ATR exit variant 24/62: tighter_1.5x_atrtrail_no_target_60d
Running ATR exit variant 25/62: tighter_2x_target_60d
Running ATR exit variant 26/62: tighter_2x_atrtrail_target_60d
Running ATR exit variant 27/62: tighter_2x_no_target_60d
Running ATR exit variant 28/62: tighter_2x_atrtrail_no_target_60d
Running ATR exit variant 29/62: tighter_2.5x_target_60d
Running ATR exit variant 30/62: tighter_2.5x_atrtrail_target_60d
Running ATR exit variant 31/62: tighter_2.5x_no_target_60d
Running ATR exit variant 32/62: tighter_2.5x_atrtrail_no_target_60d
Running ATR exit variant 33/62: tighter_3x_target_60d
Running ATR exit variant 34/62: tighter_3x_atrtrail_target_60d
Running ATR exit variant 35/62: tighter_3x_no_target_60d
Running ATR exit variant 36/62: tighter_3x_atrtrail_no_target_60d
Running ATR exit variant 37/62: tighter_3.5x_target_60d
Running ATR exit variant 38/62: tighter_3.5x_atrtrail_target_60d
Running ATR exit variant 39/62: tighter_3.5x_no_target_60d
Running ATR exit variant 40/62: tighter_3.5x_atrtrail_no_target_60d
Running ATR exit variant 41/62: wider_1.5x_target_60d
Running ATR exit variant 42/62: wider_1.5x_atrtrail_target_60d
Running ATR exit variant 43/62: wider_1.5x_no_target_60d
Running ATR exit variant 44/62: wider_1.5x_atrtrail_no_target_60d
Running ATR exit variant 45/62: wider_2x_target_60d
Running ATR exit variant 46/62: wider_2x_atrtrail_target_60d
Running ATR exit variant 47/62: wider_2x_no_target_60d
Running ATR exit variant 48/62: wider_2x_atrtrail_no_target_60d
Running ATR exit variant 49/62: wider_2.5x_target_60d
Running ATR exit variant 50/62: wider_2.5x_atrtrail_target_60d
Running ATR exit variant 51/62: wider_2.5x_no_target_60d
Running ATR exit variant 52/62: wider_2.5x_atrtrail_no_target_60d
Running ATR exit variant 53/62: wider_3x_target_60d
Running ATR exit variant 54/62: wider_3x_atrtrail_target_60d
Running ATR exit variant 55/62: wider_3x_no_target_60d
Running ATR exit variant 56/62: wider_3x_atrtrail_no_target_60d
Running ATR exit variant 57/62: wider_3.5x_target_60d
Running ATR exit variant 58/62: wider_3.5x_atrtrail_target_60d
Running ATR exit variant 59/62: wider_3.5x_no_target_60d
Running ATR exit variant 60/62: wider_3.5x_atrtrail_no_target_60d
Running ATR exit variant 61/62: handle_2x_atrtrail_target_60d
Running ATR exit variant 62/62: handle_3x_atrtrail_target_60d
variants=62
is_sp500_return=185.16
best_variant=wider_3.5x_target_60d
best_is_return=378.61
best_oos_return=-30.18
report=reports\cup_handle_atr_exit_variants_one_stock\cup_handle_atr_exit_variant_report.md
