Downloading daily adjusted OHLCV 1-60 of 510...
Downloading daily adjusted OHLCV 61-120 of 510...
Downloading daily adjusted OHLCV 121-180 of 510...
Downloading daily adjusted OHLCV 181-240 of 510...
Downloading daily adjusted OHLCV 241-300 of 510...
Downloading daily adjusted OHLCV 301-360 of 510...
Downloading daily adjusted OHLCV 361-420 of 510...
Downloading daily adjusted OHLCV 421-480 of 510...
Downloading daily adjusted OHLCV 481-510 of 510...
Running variant 1/70: stock_none + market_none
Running variant 2/70: stock_none + market_spx_close_gt_sma200
Running variant 3/70: stock_none + market_spx_sma50_gt_sma200
Running variant 4/70: stock_none + market_spx_close_gt_sma50_sma50_gt_sma200
Running variant 5/70: stock_none + market_spx_close_gt_sma100
Running variant 6/70: stock_none + market_spx_sma200_rising
Running variant 7/70: stock_none + market_spx_close_gt_sma200_sma200_rising
Running variant 8/70: stock_close_gt_sma50 + market_none
Running variant 9/70: stock_close_gt_sma50 + market_spx_close_gt_sma200
Running variant 10/70: stock_close_gt_sma50 + market_spx_sma50_gt_sma200
Running variant 11/70: stock_close_gt_sma50 + market_spx_close_gt_sma50_sma50_gt_sma200
Running variant 12/70: stock_close_gt_sma50 + market_spx_close_gt_sma100
Running variant 13/70: stock_close_gt_sma50 + market_spx_sma200_rising
Running variant 14/70: stock_close_gt_sma50 + market_spx_close_gt_sma200_sma200_rising
Running variant 15/70: stock_close_gt_sma200 + market_none
Running variant 16/70: stock_close_gt_sma200 + market_spx_close_gt_sma200
Running variant 17/70: stock_close_gt_sma200 + market_spx_sma50_gt_sma200
Running variant 18/70: stock_close_gt_sma200 + market_spx_close_gt_sma50_sma50_gt_sma200
Running variant 19/70: stock_close_gt_sma200 + market_spx_close_gt_sma100
Running variant 20/70: stock_close_gt_sma200 + market_spx_sma200_rising
Running variant 21/70: stock_close_gt_sma200 + market_spx_close_gt_sma200_sma200_rising
Running variant 22/70: stock_close_gt_sma50_sma50_gt_sma200 + market_none
Running variant 23/70: stock_close_gt_sma50_sma50_gt_sma200 + market_spx_close_gt_sma200
Running variant 24/70: stock_close_gt_sma50_sma50_gt_sma200 + market_spx_sma50_gt_sma200
Running variant 25/70: stock_close_gt_sma50_sma50_gt_sma200 + market_spx_close_gt_sma50_sma50_gt_sma200
Running variant 26/70: stock_close_gt_sma50_sma50_gt_sma200 + market_spx_close_gt_sma100
Running variant 27/70: stock_close_gt_sma50_sma50_gt_sma200 + market_spx_sma200_rising
Running variant 28/70: stock_close_gt_sma50_sma50_gt_sma200 + market_spx_close_gt_sma200_sma200_rising
Running variant 29/70: stock_close_gt_sma200_sma50_gt_sma200 + market_none
Running variant 30/70: stock_close_gt_sma200_sma50_gt_sma200 + market_spx_close_gt_sma200
Running variant 31/70: stock_close_gt_sma200_sma50_gt_sma200 + market_spx_sma50_gt_sma200
Running variant 32/70: stock_close_gt_sma200_sma50_gt_sma200 + market_spx_close_gt_sma50_sma50_gt_sma200
Running variant 33/70: stock_close_gt_sma200_sma50_gt_sma200 + market_spx_close_gt_sma100
Running variant 34/70: stock_close_gt_sma200_sma50_gt_sma200 + market_spx_sma200_rising
Running variant 35/70: stock_close_gt_sma200_sma50_gt_sma200 + market_spx_close_gt_sma200_sma200_rising
Running variant 36/70: stock_close_gt_sma20_sma20_gt_sma50 + market_none
Running variant 37/70: stock_close_gt_sma20_sma20_gt_sma50 + market_spx_close_gt_sma200
Running variant 38/70: stock_close_gt_sma20_sma20_gt_sma50 + market_spx_sma50_gt_sma200
Running variant 39/70: stock_close_gt_sma20_sma20_gt_sma50 + market_spx_close_gt_sma50_sma50_gt_sma200
Running variant 40/70: stock_close_gt_sma20_sma20_gt_sma50 + market_spx_close_gt_sma100
Running variant 41/70: stock_close_gt_sma20_sma20_gt_sma50 + market_spx_sma200_rising
Running variant 42/70: stock_close_gt_sma20_sma20_gt_sma50 + market_spx_close_gt_sma200_sma200_rising
Running variant 43/70: stock_close_gt_sma50_sma50_rising + market_none
Running variant 44/70: stock_close_gt_sma50_sma50_rising + market_spx_close_gt_sma200
Running variant 45/70: stock_close_gt_sma50_sma50_rising + market_spx_sma50_gt_sma200
Running variant 46/70: stock_close_gt_sma50_sma50_rising + market_spx_close_gt_sma50_sma50_gt_sma200
Running variant 47/70: stock_close_gt_sma50_sma50_rising + market_spx_close_gt_sma100
Running variant 48/70: stock_close_gt_sma50_sma50_rising + market_spx_sma200_rising
Running variant 49/70: stock_close_gt_sma50_sma50_rising + market_spx_close_gt_sma200_sma200_rising
Running variant 50/70: stock_close_gt_sma200_sma200_rising + market_none
Running variant 51/70: stock_close_gt_sma200_sma200_rising + market_spx_close_gt_sma200
Running variant 52/70: stock_close_gt_sma200_sma200_rising + market_spx_sma50_gt_sma200
Running variant 53/70: stock_close_gt_sma200_sma200_rising + market_spx_close_gt_sma50_sma50_gt_sma200
Running variant 54/70: stock_close_gt_sma200_sma200_rising + market_spx_close_gt_sma100
Running variant 55/70: stock_close_gt_sma200_sma200_rising + market_spx_sma200_rising
Running variant 56/70: stock_close_gt_sma200_sma200_rising + market_spx_close_gt_sma200_sma200_rising
Running variant 57/70: stock_close_gt_sma50_sma50_gt_sma150_gt_sma200 + market_none
Running variant 58/70: stock_close_gt_sma50_sma50_gt_sma150_gt_sma200 + market_spx_close_gt_sma200
Running variant 59/70: stock_close_gt_sma50_sma50_gt_sma150_gt_sma200 + market_spx_sma50_gt_sma200
Running variant 60/70: stock_close_gt_sma50_sma50_gt_sma150_gt_sma200 + market_spx_close_gt_sma50_sma50_gt_sma200
Running variant 61/70: stock_close_gt_sma50_sma50_gt_sma150_gt_sma200 + market_spx_close_gt_sma100
Running variant 62/70: stock_close_gt_sma50_sma50_gt_sma150_gt_sma200 + market_spx_sma200_rising
Running variant 63/70: stock_close_gt_sma50_sma50_gt_sma150_gt_sma200 + market_spx_close_gt_sma200_sma200_rising
Running variant 64/70: stock_close_gt_sma50_rs63_gt_spx + market_none
Running variant 65/70: stock_close_gt_sma50_rs63_gt_spx + market_spx_close_gt_sma200
Running variant 66/70: stock_close_gt_sma50_rs63_gt_spx + market_spx_sma50_gt_sma200
Running variant 67/70: stock_close_gt_sma50_rs63_gt_spx + market_spx_close_gt_sma50_sma50_gt_sma200
Running variant 68/70: stock_close_gt_sma50_rs63_gt_spx + market_spx_close_gt_sma100
Running variant 69/70: stock_close_gt_sma50_rs63_gt_spx + market_spx_sma200_rising
Running variant 70/70: stock_close_gt_sma50_rs63_gt_spx + market_spx_close_gt_sma200_sma200_rising
variants=70
is_sp500_return=185.16
best_variant=stock_close_gt_sma200_sma200_rising__market_spx_close_gt_sma200_sma200_rising
best_is_return=273.95
best_oos_return=55.85
report=reports\cup_handle_trend_filter_variants\cup_handle_trend_filter_variant_report.md
